
> nexus@0.1.0 build
> next build

node.exe : ΓÜá Warning: Next.js inferred your workspace root, but it may not 
be correct.
At line:1 char:1
+ & "C:\Program Files\nodejs/node.exe" "C:\Program Files\nodejs/node_mo ...
+ ~~~~~~~~~~~~~~~~~~~~~~~~~~~~~~~~~~~~~~~~~~~~~~~~~~~~~~~~~~~~~~~~~~~~~
    + CategoryInfo          : NotSpecified: (ΓÜá Warning: Ne...not be correct. 
   :String) [], RemoteException
    + FullyQualifiedErrorId : NativeCommandError
 
 We detected multiple lockfiles and selected the directory of 
C:\Users\PK-LUX\Desktop\package-lock.json as the root directory.
 To silence this warning, set `turbopack.root` in your Next.js config, or 
consider removing one of the lockfiles if it's not needed.
   See https://nextjs.org/docs/app/api-reference/config/next-config-js/turbopac
k#root-directory for more information.
 Detected additional lockfiles: 
   * C:\Users\PK-LUX\Desktop\Nexus\package-lock.json

Γû▓ Next.js 16.1.6 (Turbopack)
- Environments: .env.local

  Creating an optimized production build ...

> Build error occurred
Error: Turbopack build failed with 1 errors:
./Nexus/src/hooks/use-pi-auth.ts:144:20
Parsing ecmascript source code failed
[0m [90m 142 |[39m     authenticate[33m,[39m
 [90m 143 |[39m     clearAuth[33m,[39m
[31m[1m>[22m[39m[90m 144 |[39m     isAuthenticated[33m:[39m 
state[33m.[39muser [33m!==[39m [36mnull[39m[33m,[39m
 [90m     |[39m                    [31m[1m^[22m[39m
 [90m 145 |[39m   }
 [90m 146 |[39m }
 [90m 147 |[39m[0m

Expected ';', '}' or <eof>

Import traces:
  Client Component Browser:
    ./Nexus/src/hooks/use-pi-auth.ts [Client Component Browser]
    ./Nexus/src/app/page.tsx [Client Component Browser]
    ./Nexus/src/app/page.tsx [Server Component]

  Client Component SSR:
    ./Nexus/src/hooks/use-pi-auth.ts [Client Component SSR]
    ./Nexus/src/app/page.tsx [Client Component SSR]
    ./Nexus/src/app/page.tsx [Server Component]


    at <unknown> (./Nexus/src/hooks/use-pi-auth.ts:144:20)
